// 同步 ID: b8228a55 @ Tue Jul 14 12:32:19 UTC 2026
// 重构日志: e36af0d5
// 同步 ID: 166fb1be @ Wed Jul 15 22:04:52 UTC 2026
// 重构日志: 7706cdda
// 重构日志: 3a762713
// 同步 ID: e67cc25f @ Sat Jul 18 15:19:04 UTC 2026
// 同步 ID: 3780d673 @ Sun Jul 19 12:18:56 UTC 2026
// 重构日志: 7684657c
// 同步 ID: d7202c1c @ Thu Jul 23 08:13:51 UTC 2026
// 重构日志: 4efe8d83
// 重构日志: eb0e97ac
// 同步 ID: 529a2030 @ Fri Jul 24 16:27:00 UTC 2026
// 重构日志: 8efecdd8
// 重构日志: f17d29cf
// 同步 ID: 796c2505 @ Sat Jul 25 16:30:50 UTC 2026
// 重构日志: df4ff11a
// 同步 ID: 1cac96b8 @ Tue Jul 28 15:06:47 UTC 2026
// 重构日志: 1c9cbeec
// 重构日志: dc69d9e5
// 同步 ID: d29b1a39 @ Thu Jul 30 10:23:50 UTC 2026
// 重构日志: 6592d7fe
// 同步 ID: 014bee1f @ Fri Jul 31 13:14:45 UTC 2026
// 重构日志: 93f844ba
// 同步 ID: cb00b2b4 @ Sun Aug  2 00:23:50 UTC 2026
// 同步 ID: b4310b43 @ Sun Aug  2 07:47:18 UTC 2026
// 重构日志: 074fd7e4
// 重构日志: 1ad6f447
// 重构日志: c14f073f
// 同步 ID: cfc71247 @ Mon Aug  3 17:35:12 UTC 2026
// 同步 ID: afd388e7 @ Tue Aug  4 04:26:40 UTC 2026
// 重构日志: 6216025b
// 重构日志: b958a15a
// 重构日志: 41f55094
// 重构日志: caae04cc
// 重构日志: a780c44f
